<html>
<body>
<pre>
<h1>�Vision Build Log</h1>
<h2>Tool Versions:</h2>
IDE-Version: �Vision V5.37.0.0
Copyright (C) 2022 ARM Ltd and ARM Germany GmbH. All rights reserved.
License Information: Arseni Popov, VGU, LIC=----
 
Tool Versions:
Toolchain:       MDK-Lite  Version: 5.37.0.0
Toolchain Path:  C:\Keil_v5\ARM\ARMCLANG\Bin
C Compiler:      ArmClang.exe V6.18
Assembler:       Armasm.exe V6.18
Linker/Locator:  ArmLink.exe V6.18
Library Manager: ArmAr.exe V6.18
Hex Converter:   FromElf.exe V6.18
CPU DLL:         SARMCM3.DLL V5.37.0.0
Dialog DLL:      DARMSTM.DLL V1.69.1.0
Target DLL:      UL2CM3.DLL V1.164.7.0
Dialog DLL:      TCM.DLL V1.56.1.0
 
<h2>Project:</h2>
D:\Projects\PGU\6s-PMK-Hvorostuhin\LBs\LB1\project\LB1.uvprojx
Project File Date:  05/01/2024

<h2>Output:</h2>
*** Using Compiler 'V6.18', folder: 'C:\Keil_v5\ARM\ARMCLANG\Bin'
Rebuild target 'Target 1'
assembling startup_stm32f10x_md.s...
C:/Users/Goose/AppData/Local/Arm/Packs/Keil/STM32F1xx_DFP/2.4.0/Device/StdPeriph_Driver/src/misc.c(131): warning: implicit conversion loses integer precision: 'uint32_t' (aka 'unsigned int') to 'uint8_t' (aka 'unsigned char') [-Wimplicit-int-conversion]
    NVIC->IP[NVIC_InitStruct->NVIC_IRQChannel] = tmppriority;
                                               ~ ^~~~~~~~~~~
1 warning generated.
compiling misc.c...
main.c(5): warning: no previous extern declaration for non-static variable 'Seed' [-Wmissing-variable-declarations]
uint32_t Seed = 0xABCDEF; // Переменная для анализатора
         ^
main.c(5): note: declare 'static' if the variable is not intended to be used outside of this translation unit
uint32_t Seed = 0xABCDEF; // Переменная для анализатора
^
main.c(5): warning: // comments are not allowed in this language [-Wcomment]
uint32_t Seed = 0xABCDEF; // Переменная для анализатора
                          ^
main.c(15): warning: no previous prototype for function 'initializeGenerator' [-Wmissing-prototypes]
void initializeGenerator(Generator *gen, uint32_t *seed, int id1, int id2, int length) {
     ^
main.c(15): note: declare 'static' if the function is not intended to be used outside of this translation unit
void initializeGenerator(Generator *gen, uint32_t *seed, int id1, int id2, int length) {
^
static 
main.c(28): warning: 'long long' is an extension when C99 mode is not enabled [-Wlong-long]
    *gen->polynomial &= ((1ULL << gen->length) - 1);
                          ^
main.c(22): warning: no previous prototype for function 'nextBit' [-Wmissing-prototypes]
uint32_t nextBit(Generator *gen) {
         ^
main.c(22): note: declare 'static' if the function is not intended to be used outside of this translation unit
uint32_t nextBit(Generator *gen) {
^
static 
main.c(36): warning: mixing declarations and code is a C99 extension [-Wdeclaration-after-statement]
    GPIO_InitTypeDef initInput;
                     ^
main.c(33): warning: no previous prototype for function 'initializeGPIO' [-Wmissing-prototypes]
void initializeGPIO() {
     ^
main.c(33): note: declare 'static' if the function is not intended to be used outside of this translation unit
void initializeGPIO() {
^
static 
main.c(33): warning: this old-style function definition is not preceded by a prototype [-Wstrict-prototypes]
void initializeGPIO() {
                   ^
main.c(68): warning: no newline at end of file [-Wnewline-eof]
}
 ^
main.c(67): warning: 'return' will never be executed [-Wunreachable-code-return]
    return 0;
           ^
main.c(6): warning: no previous extern declaration for non-static variable 'GBit' [-Wmissing-variable-declarations]
uint32_t GBit; // Переменная для анализатора
         ^
main.c(6): note: declare 'static' if the variable is not intended to be used outside of this translation unit
uint32_t GBit; // Переменная для анализатора
^
11 warnings generated.
compiling main.c...
RTE/Device/STM32F103RB/system_stm32f10x.c(166): warning: no previous extern declaration for non-static variable 'AHBPrescTable' [-Wmissing-variable-declarations]
__I uint8_t AHBPrescTable[16] = {0, 0, 0, 0, 0, 0, 0, 0, 1, 2, 3, 4, 6, 7, 8, 9};
            ^
RTE/Device/STM32F103RB/system_stm32f10x.c(166): note: declare 'static' if the variable is not intended to be used outside of this translation unit
__I uint8_t AHBPrescTable[16] = {0, 0, 0, 0, 0, 0, 0, 0, 1, 2, 3, 4, 6, 7, 8, 9};
    ^
1 warning generated.
compiling system_stm32f10x.c...
compiling stm32f10x_gpio.c...
compiling stm32f10x_rcc.c...
linking...
Program Size: Code=1636 RO-data=268 RW-data=4 ZI-data=1640  
".\Objects\LB1.axf" - 0 Error(s), 13 Warning(s).

<h2>Software Packages used:</h2>

Package Vendor: ARM
                http://www.keil.com/pack/ARM.CMSIS.5.9.0.pack
                ARM.CMSIS.5.9.0
                CMSIS (Common Microcontroller Software Interface Standard)
   * Component: CORE Version: 5.6.0

Package Vendor: Keil
                http://www.keil.com/pack/Keil.STM32F1xx_DFP.2.4.0.pack
                Keil.STM32F1xx_DFP.2.4.0
                STMicroelectronics STM32F1 Series Device Support, Drivers and Examples
   * Component: Startup Version: 1.0.0
   * Component: Framework Version: 3.6.0
   * Component: GPIO Version: 3.6.0
   * Component: RCC Version: 3.6.0

<h2>Collection of Component include folders:</h2>
  ./RTE/Device/STM32F103RB
  ./RTE/_Target_1
  C:/Users/Goose/AppData/Local/Arm/Packs/ARM/CMSIS/5.9.0/CMSIS/Core/Include
  C:/Users/Goose/AppData/Local/Arm/Packs/Keil/STM32F1xx_DFP/2.4.0/Device/Include
  C:/Users/Goose/AppData/Local/Arm/Packs/Keil/STM32F1xx_DFP/2.4.0/Device/StdPeriph_Driver/inc

<h2>Collection of Component Files used:</h2>

   * Component: ARM::CMSIS:CORE:5.6.0

   * Component: Keil::Device:Startup:1.0.0
      Source file:   Device/Source/system_stm32f10x.c
      Source file:   Device/Source/ARM/STM32F1xx_OPT.s
      Source file:   Device/Source/ARM/startup_stm32f10x_md.s
      Include file:  RTE_Driver/Config/RTE_Device.h

   * Component: Keil::Device:StdPeriph Drivers:Framework:3.6.0
      Include file:  Device/StdPeriph_Driver/inc/misc.h
      Include file:  Device/StdPeriph_Driver/templates/stm32f10x_it.h
      Source file:   Device/StdPeriph_Driver/src/misc.c
      Source file:   Device/StdPeriph_Driver/templates/stm32f10x_conf.h
      Source file:   Device/StdPeriph_Driver/templates/stm32f10x_it.c

   * Component: Keil::Device:StdPeriph Drivers:GPIO:3.6.0
      Include file:  Device/StdPeriph_Driver/inc/stm32f10x_gpio.h
      Source file:   Device/StdPeriph_Driver/src/stm32f10x_gpio.c

   * Component: Keil::Device:StdPeriph Drivers:RCC:3.6.0
      Source file:   Device/StdPeriph_Driver/src/stm32f10x_rcc.c
      Include file:  Device/StdPeriph_Driver/inc/stm32f10x_rcc.h
Build Time Elapsed:  00:00:00
</pre>
</body>
</html>
